\BOOKMARK [1][-]{section.1}{\376\377\000D\000e\000s\000i\000g\000n\000\040\000B\000r\000i\000e\000f}{}% 1
\BOOKMARK [2][-]{subsection.1.1}{\376\377\000O\000v\000e\000r\000v\000i\000e\000w}{section.1}% 2
\BOOKMARK [2][-]{subsection.1.2}{\376\377\000M\000o\000t\000i\000v\000a\000t\000i\000o\000n}{section.1}% 3
\BOOKMARK [2][-]{subsection.1.3}{\376\377\000O\000b\000j\000e\000c\000t\000i\000v\000e\000s}{section.1}% 4
\BOOKMARK [3][-]{subsubsection.1.3.1}{\376\377\000P\000r\000i\000m\000a\000r\000y\000\040\000O\000b\000j\000e\000c\000t\000i\000v\000e\000s}{subsection.1.3}% 5
\BOOKMARK [3][-]{subsubsection.1.3.2}{\376\377\000S\000e\000c\000o\000n\000d\000a\000r\000y\000\040\000O\000b\000j\000e\000c\000t\000i\000v\000e\000s}{subsection.1.3}% 6
\BOOKMARK [2][-]{subsection.1.4}{\376\377\000R\000e\000q\000u\000i\000r\000e\000m\000e\000n\000t\000s}{section.1}% 7
\BOOKMARK [3][-]{subsubsection.1.4.1}{\376\377\000F\000u\000n\000c\000t\000i\000o\000n\000a\000l\000\040\000R\000e\000q\000u\000i\000r\000e\000m\000e\000n\000t\000s}{subsection.1.4}% 8
\BOOKMARK [3][-]{subsubsection.1.4.2}{\376\377\000P\000e\000r\000f\000o\000r\000m\000a\000n\000c\000e\000\040\000R\000e\000q\000u\000i\000r\000e\000m\000e\000n\000t\000s}{subsection.1.4}% 9
\BOOKMARK [3][-]{subsubsection.1.4.3}{\376\377\000I\000n\000t\000e\000r\000f\000a\000c\000e\000\040\000R\000e\000q\000u\000i\000r\000e\000m\000e\000n\000t\000s}{subsection.1.4}% 10
\BOOKMARK [2][-]{subsection.1.5}{\376\377\000D\000e\000s\000i\000g\000n\000\040\000C\000o\000n\000s\000i\000d\000e\000r\000a\000t\000i\000o\000n\000s}{section.1}% 11
\BOOKMARK [3][-]{subsubsection.1.5.1}{\376\377\000A\000u\000d\000i\000o\000\040\000I\000n\000t\000e\000g\000r\000i\000t\000y}{subsection.1.5}% 12
\BOOKMARK [3][-]{subsubsection.1.5.2}{\376\377\000P\000o\000w\000e\000r}{subsection.1.5}% 13
\BOOKMARK [3][-]{subsubsection.1.5.3}{\376\377\000E\000M\000C}{subsection.1.5}% 14
\BOOKMARK [2][-]{subsection.1.6}{\376\377\000V\000e\000r\000i\000f\000i\000c\000a\000t\000i\000o\000n}{section.1}% 15
\BOOKMARK [1][-]{section.2}{\376\377\000R\000e\000s\000e\000a\000r\000c\000h}{}% 16
\BOOKMARK [2][-]{subsection.2.1}{\376\377\000D\000A\000C\000\040\000C\000h\000i\000p}{section.2}% 17
\BOOKMARK [2][-]{subsection.2.2}{\376\377\000D\000i\000s\000p\000l\000a\000y}{section.2}% 18
\BOOKMARK [2][-]{subsection.2.3}{\376\377\000M\000C\000U}{section.2}% 19
\BOOKMARK [2][-]{subsection.2.4}{\376\377\000B\000a\000t\000t\000e\000r\000i\000e\000s}{section.2}% 20
