\BOOKMARK [1][-]{section.1}{\376\377\000I\000n\000t\000r\000o\000d\000u\000c\000t\000i\000o\000n}{}% 1
\BOOKMARK [2][-]{subsection.1.1}{\376\377\000T\000e\000r\000m\000i\000n\000o\000l\000o\000g\000y}{section.1}% 2
\BOOKMARK [1][-]{section.2}{\376\377\000H\000i\000g\000h\000-\000L\000e\000v\000e\000l\000\040\000D\000e\000s\000i\000g\000n}{}% 3
\BOOKMARK [2][-]{subsection.2.1}{\376\377\000O\000v\000e\000r\000v\000i\000e\000w}{section.2}% 4
\BOOKMARK [2][-]{subsection.2.2}{\376\377\000R\000e\000q\000u\000i\000r\000e\000m\000e\000n\000t\000s}{section.2}% 5
\BOOKMARK [1][-]{section.3}{\376\377\000O\000n\000-\000B\000o\000a\000r\000d\000\040\000C\000o\000m\000p\000u\000t\000e\000r}{}% 6
\BOOKMARK [2][-]{subsection.3.1}{\376\377\000O\000v\000e\000r\000v\000i\000e\000w}{section.3}% 7
\BOOKMARK [2][-]{subsection.3.2}{\376\377\000R\000e\000q\000u\000i\000r\000e\000m\000e\000n\000t\000s}{section.3}% 8
\BOOKMARK [1][-]{section.4}{\376\377\000P\000o\000w\000e\000r\000\040\000M\000a\000n\000a\000g\000e\000m\000e\000n\000t\000\040\000B\000o\000a\000r\000d}{}% 9
\BOOKMARK [2][-]{subsection.4.1}{\376\377\000O\000v\000e\000r\000v\000i\000e\000w}{section.4}% 10
\BOOKMARK [2][-]{subsection.4.2}{\376\377\000R\000e\000q\000u\000i\000r\000e\000m\000e\000n\000t\000s}{section.4}% 11
\BOOKMARK [1][-]{section.5}{\376\377\000O\000n\000-\000B\000o\000a\000r\000d\000\040\000F\000l\000i\000g\000h\000t\000\040\000C\000a\000m\000e\000r\000a\000s}{}% 12
\BOOKMARK [2][-]{subsection.5.1}{\376\377\000O\000v\000e\000r\000v\000i\000e\000w}{section.5}% 13
\BOOKMARK [2][-]{subsection.5.2}{\376\377\000R\000e\000q\000u\000i\000r\000e\000m\000e\000n\000t\000s}{section.5}% 14
\BOOKMARK [1][-]{section.6}{\376\377\000P\000f\000o\000t\000z\000e\000r\000-\000R\000e\000g\000e\000n\000e\000r\000\040\000D\000e\000t\000e\000c\000t\000o\000r}{}% 15
\BOOKMARK [2][-]{subsection.6.1}{\376\377\000O\000v\000e\000r\000v\000i\000e\000w}{section.6}% 16
\BOOKMARK [2][-]{subsection.6.2}{\376\377\000R\000e\000q\000u\000i\000r\000e\000m\000e\000n\000t\000s}{section.6}% 17
\BOOKMARK [1][-]{section.7}{\376\377\000S\000o\000l\000a\000r\000\040\000M\000o\000n\000i\000t\000o\000r\000i\000n\000g\000\040\000B\000o\000a\000r\000d}{}% 18
\BOOKMARK [2][-]{subsection.7.1}{\376\377\000O\000v\000e\000r\000v\000i\000e\000w}{section.7}% 19
\BOOKMARK [2][-]{subsection.7.2}{\376\377\000R\000e\000q\000u\000i\000r\000e\000m\000e\000n\000t\000s}{section.7}% 20
\BOOKMARK [1][-]{appendix.A}{\376\377\000G\000l\000o\000s\000s\000a\000r\000y\000\040\000o\000f\000\040\000T\000e\000r\000m\000s}{}% 21
\BOOKMARK [1][-]{appendix.B}{\376\377\000S\000p\000e\000c\000i\000f\000i\000c\000a\000t\000i\000o\000n\000s\000\040\000o\000f\000\040\000P\000a\000r\000t\000s}{}% 22
