\BOOKMARK [1][-]{section.1}{\376\377\000T\000o\000p\000i\000c\000\040\0001\000:\000\040\000T\000r\000a\000n\000s\000f\000o\000r\000m\000\040\000M\000e\000t\000h\000o\000d\000s}{}% 1
\BOOKMARK [2][-]{subsection.1.1}{\376\377\000W\000a\000v\000e\000f\000o\000r\000m\000s\000\040\000a\000n\000d\000\040\000P\000e\000r\000i\000o\000d\000i\000c\000\040\000F\000u\000n\000c\000t\000i\000o\000n\000s}{section.1}% 2
\BOOKMARK [3][-]{subsubsection.1.1.1}{\376\377\000W\000a\000v\000e\000f\000o\000r\000m\000\040\000F\000u\000n\000d\000a\000m\000e\000n\000t\000a\000l\000s}{subsection.1.1}% 3
\BOOKMARK [3][-]{subsubsection.1.1.2}{\376\377\000S\000i\000n\000u\000s\000o\000i\000d\000\040\000w\000a\000v\000e\000f\000o\000r\000m\000s}{subsection.1.1}% 4
\BOOKMARK [3][-]{subsubsection.1.1.3}{\376\377\000O\000t\000h\000e\000r\000\040\000T\000y\000p\000e\000s\000\040\000o\000f\000\040\000W\000a\000v\000e\000f\000o\000r\000m\000s}{subsection.1.1}% 5
\BOOKMARK [3][-]{subsubsection.1.1.4}{\376\377\000H\000a\000r\000m\000o\000n\000i\000c\000\040\000C\000o\000m\000p\000o\000n\000e\000n\000t\000s}{subsection.1.1}% 6
\BOOKMARK [2][-]{subsection.1.2}{\376\377\000F\000o\000u\000r\000i\000e\000r\000\040\000S\000e\000r\000i\000e\000s}{section.1}% 7
\BOOKMARK [3][-]{subsubsection.1.2.1}{\376\377\000F\000r\000e\000q\000u\000e\000n\000c\000y\000\040\000D\000o\000m\000a\000i\000n\000\040\000R\000e\000p\000r\000e\000s\000e\000n\000t\000a\000t\000i\000o\000n}{subsection.1.2}% 8
\BOOKMARK [3][-]{subsubsection.1.2.2}{\376\377\000F\000o\000u\000r\000i\000e\000r\000\040\000S\000e\000r\000i\000e\000s}{subsection.1.2}% 9
\BOOKMARK [3][-]{subsubsection.1.2.3}{\376\377\000R\000e\000c\000o\000n\000s\000t\000r\000u\000c\000t\000i\000n\000g\000\040\000a\000\040\000W\000a\000v\000e\000f\000o\000r\000m}{subsection.1.2}% 10
\BOOKMARK [2][-]{subsection.1.3}{\376\377\000A\000l\000t\000e\000r\000n\000a\000t\000i\000v\000e\000\040\000T\000r\000i\000g\000o\000n\000o\000m\000e\000t\000r\000i\000c\000\040\000F\000o\000r\000m}{section.1}% 11
\BOOKMARK [2][-]{subsection.1.4}{\376\377\000C\000o\000m\000p\000l\000e\000x\000\040\000F\000o\000r\000m\000\040\000o\000f\000\040\000t\000h\000e\000\040\000F\000o\000u\000r\000i\000e\000r\000\040\000S\000e\000r\000i\000e\000s}{section.1}% 12
\BOOKMARK [2][-]{subsection.1.5}{\376\377\000E\000f\000f\000e\000c\000t\000\040\000o\000f\000\040\000S\000h\000i\000f\000t\000i\000n\000g}{section.1}% 13
\BOOKMARK [2][-]{subsection.1.6}{\376\377\000H\000a\000l\000f\000-\000W\000a\000v\000e\000\040\000S\000y\000m\000m\000e\000t\000r\000y}{section.1}% 14
\BOOKMARK [3][-]{subsubsection.1.6.1}{\376\377\000O\000d\000d\000\040\000H\000a\000l\000f\000-\000W\000a\000v\000e\000\040\000S\000y\000m\000m\000e\000t\000r\000y}{subsection.1.6}% 15
\BOOKMARK [3][-]{subsubsection.1.6.2}{\376\377\000E\000v\000e\000n\000\040\000H\000a\000l\000f\000-\000W\000a\000v\000e\000\040\000S\000y\000m\000m\000e\000t\000r\000y}{subsection.1.6}% 16
\BOOKMARK [2][-]{subsection.1.7}{\376\377\000E\000x\000a\000m\000p\000l\000e\000s}{section.1}% 17
\BOOKMARK [3][-]{subsubsection.1.7.1}{\376\377\000W\000a\000v\000e\000f\000o\000r\000m\000s}{subsection.1.7}% 18
\BOOKMARK [1][-]{appendix.A}{\376\377\000F\000i\000l\000t\000e\000r\000s}{}% 19
\BOOKMARK [2][-]{subsection.A.1}{\376\377\000T\000y\000p\000e\000s\000\040\000o\000f\000\040\000F\000i\000l\000t\000e\000r\000s}{appendix.A}% 20
