\BOOKMARK [1][-]{section.1}{\376\377\000W\000h\000y\000\040\000Q\000u\000a\000n\000t\000u\000m\000\040\000M\000e\000c\000h\000a\000n\000i\000c\000s\000?}{}% 1
\BOOKMARK [2][-]{subsection.1.1}{\376\377\000P\000h\000o\000t\000o\000e\000l\000e\000c\000t\000r\000i\000c\000\040\000E\000f\000f\000e\000c\000t}{section.1}% 2
\BOOKMARK [2][-]{subsection.1.2}{\376\377\000P\000l\000a\000n\000c\000k\000-\000E\000i\000n\000s\000t\000e\000i\000n\000\040\000R\000e\000l\000a\000t\000i\000o\000n\000s}{section.1}% 3
\BOOKMARK [2][-]{subsection.1.3}{\376\377\000D\000o\000u\000b\000l\000e\000-\000S\000l\000i\000t\000\040\000E\000x\000p\000e\000r\000i\000m\000e\000n\000t}{section.1}% 4
\BOOKMARK [2][-]{subsection.1.4}{\376\377\000D\000o\000u\000b\000l\000e\000-\000S\000l\000i\000t\000\040\000w\000i\000t\000h\000\040\000P\000a\000r\000t\000i\000c\000l\000e\000s}{section.1}% 5
\BOOKMARK [2][-]{subsection.1.5}{\376\377\000W\000a\000v\000e\000\040\000F\000u\000n\000c\000t\000i\000o\000n}{section.1}% 6
\BOOKMARK [2][-]{subsection.1.6}{\376\377\000S\000c\000h\000r\000\366\000d\000i\000n\000g\000e\000r\000\040\000E\000q\000u\000a\000t\000i\000o\000n}{section.1}% 7
\BOOKMARK [2][-]{subsection.1.7}{\376\377\000W\000a\000v\000e\000\040\000P\000a\000c\000k\000e\000t\000s}{section.1}% 8
\BOOKMARK [2][-]{subsection.1.8}{\376\377\000H\000e\000i\000s\000e\000n\000b\000e\000r\000y\000\040\000U\000n\000c\000e\000r\000t\000a\000i\000n\000t\000y\000\040\000P\000r\000i\000n\000c\000i\000p\000l\000e}{section.1}% 9
\BOOKMARK [1][-]{section.2}{\376\377\000T\000h\000e\000\040\000M\000a\000t\000h\000e\000m\000a\000t\000i\000c\000a\000l\000\040\000F\000o\000r\000m\000a\000l\000i\000s\000m\000\040\000o\000f\000\040\000Q\000u\000a\000n\000t\000u\000m\000\040\000M\000e\000c\000h\000a\000n\000i\000c\000s}{}% 10
\BOOKMARK [2][-]{subsection.2.1}{\376\377\000H\000i\000l\000b\000e\000r\000t\000\040\000S\000p\000a\000c\000e}{section.2}% 11
\BOOKMARK [2][-]{subsection.2.2}{\376\377\000O\000p\000e\000r\000a\000t\000o\000r\000s}{section.2}% 12
\BOOKMARK [3][-]{subsubsection.2.2.1}{\376\377\000L\000i\000n\000e\000a\000r\000\040\000O\000p\000e\000r\000a\000t\000o\000r\000s}{subsection.2.2}% 13
\BOOKMARK [3][-]{subsubsection.2.2.2}{\376\377\000A\000d\000j\000o\000i\000n\000t\000\040\000O\000p\000e\000r\000a\000t\000o\000r\000s}{subsection.2.2}% 14
\BOOKMARK [3][-]{subsubsection.2.2.3}{\376\377\000H\000e\000r\000m\000i\000t\000i\000a\000n\000\040\000O\000p\000e\000r\000a\000t\000o\000r\000s}{subsection.2.2}% 15
\BOOKMARK [2][-]{subsection.2.3}{\376\377\000B\000a\000s\000i\000s\000\040\000o\000f\000\040\000a\000\040\000H\000i\000l\000b\000e\000r\000t\000\040\000S\000p\000a\000c\000e}{section.2}% 16
\BOOKMARK [2][-]{subsection.2.4}{\376\377\000O\000b\000s\000e\000r\000v\000a\000b\000l\000e\000s}{section.2}% 17
\BOOKMARK [1][-]{section.3}{\376\377\000S\000p\000i\000n\000\040\000a\000n\000d\000\040\000T\000h\000e\000\040\000P\000o\000s\000t\000u\000l\000a\000t\000e\000s\000\040\000o\000f\000\040\000Q\000u\000a\000n\000t\000u\000m\000\040\000M\000e\000c\000h\000a\000n\000i\000c\000s}{}% 18
\BOOKMARK [2][-]{subsection.3.1}{\376\377\000P\000o\000s\000t\000u\000l\000a\000t\000e\000\040\0001}{section.3}% 19
\BOOKMARK [3][-]{subsubsection.3.1.1}{\376\377\000A\000p\000p\000l\000i\000c\000a\000t\000i\000o\000n\000s}{subsection.3.1}% 20
\BOOKMARK [2][-]{subsection.3.2}{\376\377\000P\000o\000s\000t\000u\000l\000a\000t\000e\000\040\0002}{section.3}% 21
\BOOKMARK [3][-]{subsubsection.3.2.1}{\376\377\000A\000p\000p\000l\000i\000c\000a\000t\000i\000o\000n\000s}{subsection.3.2}% 22
\BOOKMARK [1][-]{appendix.A}{\376\377\000F\000o\000u\000r\000i\000e\000r\000\040\000T\000r\000a\000n\000s\000f\000o\000r\000m}{}% 23
